<?php return array (
  0 => 'Symfony\\Bundle\\FrameworkBundle\\Controller\\AbstractController',
  1 => 'App\\Controller\\ActiveEventController',
  2 => 'App\\Controller\\Admin\\CampusCrudController',
  3 => 'App\\Controller\\Admin\\CityCrudController',
  4 => 'App\\Controller\\Admin\\DashboardController',
  5 => 'App\\Controller\\Admin\\EventCrudController',
  6 => 'App\\Controller\\Admin\\UserCrudController',
  7 => 'App\\Controller\\Api\\EventApi',
  8 => 'App\\Controller\\CancelEventController',
  9 => 'App\\Controller\\EventController',
  10 => 'App\\Controller\\LocationController',
  11 => 'App\\Controller\\ResetPasswordController',
  12 => 'App\\Controller\\SecurityController',
  13 => 'App\\Controller\\UserController',
  14 => 'App\\Entity\\Campus',
  15 => 'App\\Entity\\City',
  16 => 'App\\Entity\\Contact',
  17 => 'App\\Entity\\Event',
  18 => 'App\\Entity\\Location',
  19 => 'App\\Entity\\ResetPasswordRequest',
  20 => 'App\\Entity\\Status',
  21 => 'App\\Entity\\User',
  22 => 'Doctrine\\Bundle\\DoctrineBundle\\Controller\\ProfilerController',
  23 => 'Doctrine\\ORM\\Cache\\Persister\\Entity\\AbstractEntityPersister',
  24 => 'Doctrine\\ORM\\Cache\\Persister\\Entity\\CachedEntityPersister',
  25 => 'Doctrine\\ORM\\Cache\\Persister\\Entity\\NonStrictReadWriteCachedEntityPersister',
  26 => 'Doctrine\\ORM\\Cache\\Persister\\Entity\\ReadOnlyCachedEntityPersister',
  27 => 'Doctrine\\ORM\\Cache\\Persister\\Entity\\ReadWriteCachedEntityPersister',
  28 => 'Doctrine\\ORM\\Persisters\\Entity\\AbstractEntityInheritancePersister',
  29 => 'Doctrine\\ORM\\Persisters\\Entity\\BasicEntityPersister',
  30 => 'Doctrine\\ORM\\Persisters\\Entity\\CachedPersisterContext',
  31 => 'Doctrine\\ORM\\Persisters\\Entity\\EntityPersister',
  32 => 'Doctrine\\ORM\\Persisters\\Entity\\JoinedSubclassPersister',
  33 => 'Doctrine\\ORM\\Persisters\\Entity\\SingleTablePersister',
  34 => 'EasyCorp\\Bundle\\EasyAdminBundle\\Contracts\\Controller\\CrudControllerInterface',
  35 => 'EasyCorp\\Bundle\\EasyAdminBundle\\Contracts\\Controller\\DashboardControllerInterface',
  36 => 'EasyCorp\\Bundle\\EasyAdminBundle\\Controller\\AbstractCrudController',
  37 => 'EasyCorp\\Bundle\\EasyAdminBundle\\Controller\\AbstractDashboardController',
  38 => 'SymfonyCasts\\Bundle\\ResetPassword\\Controller\\ResetPasswordControllerTrait',
  40 => 'Symfony\\Bundle\\FrameworkBundle\\Controller\\ControllerResolver',
  41 => 'Symfony\\Bundle\\FrameworkBundle\\Controller\\RedirectController',
  42 => 'Symfony\\Bundle\\FrameworkBundle\\Controller\\TemplateController',
  43 => 'Symfony\\Bundle\\WebProfilerBundle\\Controller\\ExceptionPanelController',
  44 => 'Symfony\\Bundle\\WebProfilerBundle\\Controller\\ProfilerController',
  45 => 'Symfony\\Bundle\\WebProfilerBundle\\Controller\\RouterController',
  46 => 'Symfony\\Component\\HttpKernel\\Controller\\ArgumentResolver',
  47 => 'Symfony\\Component\\HttpKernel\\Controller\\ArgumentResolverInterface',
  48 => 'Symfony\\Component\\HttpKernel\\Controller\\ArgumentResolver\\DefaultValueResolver',
  49 => 'Symfony\\Component\\HttpKernel\\Controller\\ArgumentResolver\\NotTaggedControllerValueResolver',
  50 => 'Symfony\\Component\\HttpKernel\\Controller\\ArgumentResolver\\RequestAttributeValueResolver',
  51 => 'Symfony\\Component\\HttpKernel\\Controller\\ArgumentResolver\\RequestValueResolver',
  52 => 'Symfony\\Component\\HttpKernel\\Controller\\ArgumentResolver\\ServiceValueResolver',
  53 => 'Symfony\\Component\\HttpKernel\\Controller\\ArgumentResolver\\SessionValueResolver',
  54 => 'Symfony\\Component\\HttpKernel\\Controller\\ArgumentResolver\\TraceableValueResolver',
  55 => 'Symfony\\Component\\HttpKernel\\Controller\\ArgumentResolver\\VariadicValueResolver',
  56 => 'Symfony\\Component\\HttpKernel\\Controller\\ArgumentValueResolverInterface',
  57 => 'Symfony\\Component\\HttpKernel\\Controller\\ContainerControllerResolver',
  58 => 'Symfony\\Component\\HttpKernel\\Controller\\ControllerReference',
  59 => 'Symfony\\Component\\HttpKernel\\Controller\\ControllerResolver',
  60 => 'Symfony\\Component\\HttpKernel\\Controller\\ControllerResolverInterface',
  61 => 'Symfony\\Component\\HttpKernel\\Controller\\ErrorController',
  62 => 'Symfony\\Component\\HttpKernel\\Controller\\TraceableArgumentResolver',
  63 => 'Symfony\\Component\\HttpKernel\\Controller\\TraceableControllerResolver',
  64 => 'Symfony\\Component\\Security\\Http\\Controller\\UserValueResolver',
  65 => 'Vich\\UploaderBundle\\Entity\\File',
);